Dec 09, 2025 10:30:47 PM org.example.personalfitnesstracker.Controllers.BaseController log
INFO: User 213ewasdf does not exist or incorrect password.
Dec 09, 2025 10:30:59 PM org.example.personalfitnesstracker.Controllers.BaseController log
INFO: User buhaan445@outlook.com logged in!
Dec 09, 2025 11:05:06 PM org.example.personalfitnesstracker.Controllers.BaseController log
INFO: User buhaan445@outlook.com logged in!
Dec 09, 2025 11:13:17 PM org.example.personalfitnesstracker.Controllers.BaseController log
INFO: User buhaan445@outlook.com logged in!
Dec 09, 2025 11:14:22 PM org.example.personalfitnesstracker.Controllers.BaseController log
INFO: User buhaan445@outlook.com logged in!
Dec 09, 2025 11:14:54 PM org.example.personalfitnesstracker.Controllers.BaseController log
INFO: User buhaan445@outlook.com logged in!
Dec 09, 2025 11:18:09 PM org.example.personalfitnesstracker.Controllers.BaseController log
INFO: User buhaan445@outlook.com logged in!
Dec 09, 2025 11:37:29 PM org.example.personalfitnesstracker.Controllers.BaseController log
INFO: User buhaan445@outlook.com logged in!
Dec 09, 2025 11:52:17 PM org.example.personalfitnesstracker.Controllers.BaseController log
INFO: User buhaan445@outlook.com logged in!
Dec 09, 2025 11:52:23 PM org.example.personalfitnesstracker.Controllers.BaseController log
INFO: Opening Sleep Entry window...
Dec 10, 2025 12:02:03 AM org.example.personalfitnesstracker.Controllers.BaseController log
INFO: User buhaan445@outlook.com does not exist or incorrect password.
Dec 10, 2025 12:03:23 AM org.example.personalfitnesstracker.Controllers.BaseController log
INFO: User @1 logged in!
Dec 10, 2025 12:04:54 AM org.example.personalfitnesstracker.Controllers.BaseController log
INFO: User @1 logged in!
Dec 10, 2025 12:05:26 AM org.example.personalfitnesstracker.Controllers.BaseController log
INFO: User @1 logged in!
Dec 10, 2025 12:09:15 AM org.example.personalfitnesstracker.Controllers.BaseController log
INFO: User @1 logged in!
Dec 10, 2025 12:10:15 AM org.example.personalfitnesstracker.Controllers.BaseController log
INFO: User @1 logged in!
Dec 10, 2025 12:11:26 AM org.example.personalfitnesstracker.Controllers.BaseController log
INFO: User @1 logged in!
Dec 10, 2025 1:05:49 AM org.example.personalfitnesstracker.Controllers.BaseController log
INFO: User @1 does not exist or incorrect password.
Dec 10, 2025 1:07:38 AM org.example.personalfitnesstracker.Controllers.BaseController log
INFO: User @1 logged in!
Dec 10, 2025 1:12:19 AM org.example.personalfitnesstracker.Controllers.BaseController log
INFO: User @1 logged in!
Dec 10, 2025 1:20:34 AM org.example.personalfitnesstracker.Controllers.BaseController log
INFO: User @1 logged in!
Dec 10, 2025 1:24:22 AM org.example.personalfitnesstracker.Controllers.BaseController log
INFO: User @1 logged in!
Dec 10, 2025 1:31:09 AM org.example.personalfitnesstracker.Controllers.BaseController log
INFO: User @1 logged in!
Dec 10, 2025 1:31:33 AM org.example.personalfitnesstracker.Controllers.BaseController log
INFO: Already on Home Screen
Dec 10, 2025 1:31:33 AM org.example.personalfitnesstracker.Controllers.BaseController log
INFO: Already on Home Screen
Dec 10, 2025 1:31:34 AM org.example.personalfitnesstracker.Controllers.BaseController log
INFO: Already on Home Screen
Dec 10, 2025 1:38:18 AM org.example.personalfitnesstracker.Controllers.BaseController log
INFO: User @1 logged in!
Dec 10, 2025 2:01:21 AM org.example.personalfitnesstracker.Controllers.BaseController log
INFO: User @2 logged in!
Dec 10, 2025 2:36:35 AM org.example.personalfitnesstracker.Controllers.BaseController log
INFO: User @1 logged in!
